---
source: crates/yakui-widgets/tests/snapshot.rs
assertion_line: 264
expression: view
---
- AlignWidget pos(0, 0) size(1000, 1000)
  - TextWidget pos(376, 464.5) size(248, 71)
    - PadWidget pos(376, 464.5) size(248, 71)
      - RenderTextWidget pos(376, 464.5) size(248, 71)
